AP_ROOT=/mnt/ral/jnightin/autolens_profiling_wt/pointsolver-step0-gather
==========================================
Sun 27 Sep 12:04:16 BST 2026
euclid-ral-gpu-2
Model name:                              AMD EPYC 7702 64-Core Processor
partition:      gpu
cpus-per-task:  8
sched_affinity: 8
loadavg:        0.00 0.00 0.00 1/1243 139471
Cell:           point_source_image/likelihood_breakdown/solver_config_sweep --step0-route
Thread env:     OMP=1 MKL=1 OPENBLAS=1 NPROC=8
XLA_FLAGS:      --xla_disable_hlo_passes=constant_folding --xla_gpu_autotune_level=0 --xla_gpu_enable_triton_gemm=false
PYTHONPATH:     /mnt/ral/jnightin/autolens_profiling_wt/PyAutoArray_pointsolver-step0-gather:/mnt/ral/jnightin/PyAuto:/mnt/ral/jnightin/PyAuto/PyAutoNerves:/mnt/ral/jnightin/PyAuto/PyAutoFit:/mnt/ral/jnightin/PyAuto/PyAutoArray:/mnt/ral/jnightin/PyAuto/PyAutoGalaxy:/mnt/ral/jnightin/PyAuto/PyAutoLens
=== source revisions ===
PyAutoNerves (mirror) eb27da2464e2f07e0ad67e7fb18ee84be76c479a
PyAutoFit (mirror) 5468c6cefa0ae8bb08a449497cbd3c620f3720e2
PyAutoArray (mirror) 14d63360f341912b209f2045d7e388e264692f1d
PyAutoGalaxy (mirror) 879a9308b709b3705eb95904de6b349a5c034d61
PyAutoLens (mirror) def4decf68a245a9c3dd1eb276ee0578897b220c
PyAutoArray (branch clone, IMPORTED): c13b2d733538bec86cff3a15eccd9a0940a68463
AP_ROOT rev:   311e690fd6c843fe38e5a228628b4417890694f2
=== import provenance ===
autoarray   2026.8.17.1  /mnt/ral/jnightin/autolens_profiling_wt/PyAutoArray_pointsolver-step0-gather/autoarray/__init__.py
autofit     2026.8.17.1  /mnt/ral/jnightin/PyAuto/PyAutoFit/autofit/__init__.py
autogalaxy  2026.8.17.1  /mnt/ral/jnightin/PyAuto/PyAutoGalaxy/autogalaxy/__init__.py
autolens    2026.8.17.1  /mnt/ral/jnightin/PyAuto/PyAutoLens/autolens/__init__.py
_STEP0_CONTAINMENT structured
jax 0.10.2 jaxlib 0.10.2 numpy 2.2.6 [CpuDevice(id=0)]
==========================================
RUN hpc_ral_cpu_epyc7702_fp64 -> /mnt/ral/jnightin/autolens_profiling_wt/pointsolver-step0-gather/results/breakdown/point_source_image
Sun 27 Sep 12:04:30 BST 2026
loadavg: 0.29 0.07 0.02 1/1244 139515
[    5.4 s] configs: control(n=8,rows=11859), step0_gather(n=8,rows=11859), step0_components(n=8,rows=11859), step0_structured(n=8,rows=11859), reference(n=9,rows=268677), reference_b(n=10,rows=115473)
[   38.5 s] reference reference solved on 200 prior + 200 stress draws (compile 2.1 s)
[   63.8 s] reference reference_b solved on 200 prior + 200 stress draws (compile 2.3 s)
[   63.8 s] reference floor: {"prior": {"n_draws": 200, "multiplicity_agreement": 1.0, "raw_count_agreement": 1.0, "n_multiplicity_mismatch": 0, "max_position_error": 0.00015786921423151782, "p99_position_error": 0.0001280749711777913, "median_position_error": 5.9668954361473236e-05, "ref_distinct_histogram": {"2": 21, "4": 179}, "abs_delta_logl_vs_reference": {"max": 0.09204751533968647, "p99": 0.06845503627316121, "median": 0.004628222675307825, "n_nonfinite_mismatch": 0}}, "stress": {"n_draws": 200, "multiplicity_agreement": 1.0, "raw_count_agreement": 1.0, "n_multiplicity_mismatch": 0, "max_position_error": 0.00015786921423129578, "p99_position_error": 0.00014084184669768283, "median_position_error": 5.966895436132821e-05, "ref_distinct_histogram": {"2": 163, "4": 37}}}
[  116.4 s] completeness control     prior mult 1.000 raw 1.000 maxerr 0.0008513474499103632 |dlogL|ref 0.8682473458375171  stress mult 1.0 maxerr 0.0007893460711579142
[  116.4 s] completeness step0_gather prior mult 1.000 raw 1.000 maxerr 0.0008513474499103632 |dlogL|ref 0.8682473458375171  stress mult 1.0 maxerr 0.0007893460711579142
[  116.4 s] completeness step0_components prior mult 1.000 raw 1.000 maxerr 0.0008513474499103632 |dlogL|ref 0.8682473458375171  stress mult 1.0 maxerr 0.0007893460711579142
[  116.5 s] completeness step0_structured prior mult 1.000 raw 1.000 maxerr 0.0008513474499103632 |dlogL|ref 0.8682473458375171  stress mult 1.0 maxerr 0.0007893460711579142
[  116.5 s] reference image extent: {'prior': {'max_abs_y': 1.77939453125, 'max_abs_x': 1.7773254429359933, 'max_abs_coord': 1.77939453125, 'p99_abs_coord': 1.7590830914129167, 'max_radius': 1.8116226317743076}, 'stress': {'max_abs_y': 2.2498046875, 'max_abs_x': 2.300267215077964, 'max_abs_coord': 2.300267215077964, 'p99_abs_coord': 2.2027852305644777, 'max_radius': 2.5191249773380773}}
[  116.5 s] timing: compiling every route (fresh closure + clear_caches)
[  147.4 s] timing: 20 rounds x 20 calls x 4 routes done
[  148.1 s] fiducial gate: 7.743201200876812 == 7.743201200876812: True
[  193.3 s] grad gate: control=True, step0_gather=True, step0_components=True, step0_structured=True
[  193.3 s] best admissible (precision-equivalent): step0_structured; any precision: step0_structured
[  349.9 s] vmap: control_vmap1 1.998 ms/L, control_vmap4 1.442 ms/L, control_vmap16 1.139 ms/L, step0_gather_vmap1 3.255 ms/L, step0_gather_vmap4 2.494 ms/L, step0_gather_vmap16 2.121 ms/L, step0_components_vmap1 2.020 ms/L, step0_components_vmap4 1.380 ms/L, step0_components_vmap16 1.166 ms/L, step0_structured_vmap1 2.023 ms/L, step0_structured_vmap4 1.446 ms/L, step0_structured_vmap16 1.133 ms/L
[  350.0 s] step-0 route bit-identity vs control: step0_gather=True, step0_components=True, step0_structured=True
[  350.0 s] step-0 split: ray trace vs ray trace + containment per geometry
[  370.6 s] step-0 split: control trace 0.495 contain 0.641, step0_gather trace 0.489 contain 1.906, step0_components trace 0.492 contain 0.594, step0_structured trace 0.481 contain 0.647
[  370.6 s] uncapped containing counts (NumPy path) on the prior draws
[  394.2 s] uncapped control: max per step [17, 13, 11, 9, 7, 5, 5, 5]; draws exceeding cap 15: [12]
[  416.8 s] uncapped step0_structured: max per step [17, 13, 11, 9, 7, 5, 5, 5]; draws exceeding cap 15: [12]

======================================================================================================================================================
POINTSOLVER CONFIG SWEEP (hpc_ral_cpu_epyc7702_fp64, rounds=20, calls=20, prior draws=200, stress draws=200)
======================================================================================================================================================
  config      block                  ext scale   prec mcs nd  n   rows  med_ms       speedup [90% CI]  admp  mult   raw    maxerr    p99err dlogL_ref s_mult  s_maxerr
  control     control               9.90  0.20 0.0010  15  1  8  11859   1.981  1.000 [0.989, 1.011]    TT 1.000 1.000  8.51e-04  7.89e-04  8.68e-01  1.000  7.89e-04
  step0_gather step0_route           9.90  0.20 0.0010  15  1  8  11859   3.184  0.622 [0.616, 0.628]    TT 1.000 1.000  8.51e-04  7.89e-04  8.68e-01  1.000  7.89e-04
  step0_components step0_route           9.90  0.20 0.0010  15  1  8  11859   1.979  1.001 [0.992, 1.010]    TT 1.000 1.000  8.51e-04  7.89e-04  8.68e-01  1.000  7.89e-04
  step0_structured step0_route           9.90  0.20 0.0010  15  1  8  11859   1.971  1.005 [0.995, 1.014]    TT 1.000 1.000  8.51e-04  7.89e-04  8.68e-01  1.000  7.89e-04
------------------------------------------------------------------------------------------------------------------------------------------------------
  default agrees with reference on every prior draw: True
  default agrees with reference on every stress draw: True
  reference floor: {"prior": {"n_draws": 200, "multiplicity_agreement": 1.0, "raw_count_agreement": 1.0, "n_multiplicity_mismatch": 0, "max_position_error": 0.00015786921423151782, "p99_position_error": 0.0001280749711777913, "median_position_error": 5.9668954361473236e-05, "ref_distinct_histogram": {"2": 21, "4": 179}, "abs_delta_logl_vs_reference": {"max": 0.09204751533968647, "p99": 0.06845503627316121, "median": 0.004628222675307825, "n_nonfinite_mismatch": 0}}, "stress": {"n_draws": 200, "multiplicity_agreement": 1.0, "raw_count_agreement": 1.0, "n_multiplicity_mismatch": 0, "max_position_error": 0.00015786921423129578, "p99_position_error": 0.00014084184669768283, "median_position_error": 5.966895436132821e-05, "ref_distinct_histogram": {"2": 163, "4": 37}}}
  best admissible (precision-equivalent): step0_structured; any precision: step0_structured
  reference image extent: {'prior': {'max_abs_y': 1.77939453125, 'max_abs_x': 1.7773254429359933, 'max_abs_coord': 1.77939453125, 'p99_abs_coord': 1.7590830914129167, 'max_radius': 1.8116226317743076}, 'stress': {'max_abs_y': 2.2498046875, 'max_abs_x': 2.300267215077964, 'max_abs_coord': 2.300267215077964, 'p99_abs_coord': 2.2027852305644777, 'max_radius': 2.5191249773380773}}
  fiducial gate: {'value': 7.743201200876812, 'expected': 7.743201200876812, 'repr': '7.743201200876812', 'pass': True}
  all_gates_pass: True
  wall: 417 s
  Results JSON: /mnt/ral/jnightin/autolens_profiling_wt/pointsolver-step0-gather/results/breakdown/point_source_image/solver_config_sweep_step0_hpc_ral_cpu_epyc7702_fp64.json
  Results PNG:  /mnt/ral/jnightin/autolens_profiling_wt/pointsolver-step0-gather/results/breakdown/point_source_image/solver_config_sweep_step0_hpc_ral_cpu_epyc7702_fp64.png
=== source_revisions check (JSON vs imported HEADs) ===
autoarray_imported_from /mnt/ral/jnightin/autolens_profiling_wt/PyAutoArray_pointsolver-step0-gather
OK /mnt/ral/jnightin/autolens_profiling_wt/pointsolver-step0-gather/results/breakdown/point_source_image/solver_config_sweep_step0_hpc_ral_cpu_epyc7702_fp64.json all_gates_pass True
==========================================
loadavg: 1.48 1.33 0.66 1/1239 139598
Finished.
Sun 27 Sep 12:11:29 BST 2026
