==========================================
Sat 15 Aug 02:11:13 BST 2026
Cell:       searches/multi_start_prodigy/imaging/delaunay_matern
Config:     cpu_nan_check   n_steps=100
jax x64: True | devices: [CpuDevice(id=0)]

--- searches/multi_start_prodigy/imaging/delaunay_matern [hst, cpu_nan_check, use_jax=True, mp=False] ---
  n_live: n/a (MAP optimizer)
  Building dataset / model / analysis...
2026-08-15 02:11:17,633 - autoarray.dataset.imaging.dataset - INFO - IMAGING - Data masked, contains a total of 15361 image-pixels
2026-08-15 02:11:17,635 - autoarray.dataset.imaging.dataset - INFO - IMAGING - Setting Up Sparse Operator For low Memory Pixelizations.
  Model free parameters: 13
  Visualization DISABLED (SEARCHES_DISABLE_VIZ=1) — viz_wall_s not measured.
  Running search.fit() ...
2026-08-15 02:11:18,602 - autofit.non_linear.search.abstract_search - INFO - Starting non-linear search with JAX (CPU: cpu).
2026-08-15 02:11:18,602 - autofit.non_linear.search.abstract_search - INFO - On-the-fly updates of the maximum likelihood model are disabled. Set `updates: iterations_per_quick_update` in config/general.yaml to a finite number of iterations to enable them.
2026-08-15 02:11:20,540 - cpu_nan_check - INFO - The output path of this fit is /mnt/ral/jnightin/autolens_profiling_delaunay/output/searches/multi_start_prodigy/imaging/delaunay_matern/hst/cpu_nan_check/e571262259e3a95ecb7d1b5217ca65c7
2026-08-15 02:11:20,540 - cpu_nan_check - INFO - Outputting pre-fit files (e.g. model.info, visualization).
2026-08-15 02:11:21,629 - cpu_nan_check - INFO - JAX: jit compiling the single-point objective used to draw 16 broad starts, could take seconds or minutes...
2026-08-15 02:12:47,882 - cpu_nan_check - INFO - Starting new prodigy MultiStartGradient search (16 starts, no previous samples found).
2026-08-15 02:12:47,895 - cpu_nan_check - INFO - JAX: jit compiling the vmapped objective over batches of 4 starts, could take seconds or minutes...
2026-08-15 02:14:21,393 - cpu_nan_check - INFO - prodigy step 1/500 | best log_post -175397.5596 | alive 16/16 | d 1.00e-06 / 1.00e-06 / 1.00e-06
2026-08-15 02:24:00,771 - cpu_nan_check - INFO - prodigy step 10/500 | best log_post -175386.7423 | gained 10.8173 | alive 16/16 | d 1.15e-06 / 1.73e-05 / 1.75e-05
2026-08-15 02:34:42,937 - cpu_nan_check - INFO - prodigy step 20/500 | best log_post -174837.4226 | gained 549.3197 | alive 14/16 | d 1.75e-06 / 7.52e-04 / 9.01e-04
2026-08-15 02:45:21,113 - cpu_nan_check - INFO - prodigy step 30/500 | best log_post -142509.8217 | gained 32327.6010 | alive 12/16 | d 2.49e-06 / 2.20e-02 / 4.54e-02
2026-08-15 02:55:45,323 - cpu_nan_check - INFO - prodigy step 40/500 | best log_post -59141.5466 | gained 83368.2750 | alive 7/16 | d 7.94e-06 / 3.20e-02 / 4.54e-02
2026-08-15 03:06:05,820 - cpu_nan_check - INFO - prodigy step 50/500 | best log_post -59141.5466 | gained 0.0000 | alive 4/16 | d 7.94e-06 / 3.48e-02 / 4.54e-02
2026-08-15 03:16:19,065 - cpu_nan_check - INFO - prodigy step 60/500 | best log_post -59141.5466 | gained 0.0000 | alive 4/16 | d 2.29e-05 / 3.57e-02 / 4.72e-01
2026-08-15 03:26:29,042 - cpu_nan_check - INFO - prodigy step 70/500 | best log_post -59141.5466 | gained 0.0000 | alive 3/16 | d 2.96e-05 / 3.48e-02 / 2.68e-01
2026-08-15 03:36:38,443 - cpu_nan_check - INFO - prodigy step 80/500 | best log_post -59141.5466 | gained 0.0000 | alive 4/16 | d 2.96e-05 / 3.48e-02 / 2.68e-01
2026-08-15 03:46:50,088 - cpu_nan_check - INFO - prodigy step 90/500 | best log_post -59141.5466 | gained 0.0000 | alive 4/16 | d 1.19e-04 / 3.39e-02 / 4.54e-02
2026-08-15 03:57:01,418 - cpu_nan_check - INFO - prodigy step 100/500 | best log_post -59141.5466 | gained 0.0000 | alive 4/16 | d 6.27e-04 / 3.39e-02 / 4.54e-02
2026-08-15 04:07:07,810 - cpu_nan_check - INFO - prodigy step 110/500 | best log_post -59141.5466 | gained 0.0000 | alive 3/16 | d 3.05e-03 / 3.39e-02 / 4.54e-02
2026-08-15 04:17:05,240 - cpu_nan_check - INFO - prodigy step 120/500 | best log_post -59141.5466 | gained 0.0000 | alive 3/16 | d 2.11e-02 / 3.48e-02 / 4.54e-02
2026-08-15 04:26:59,283 - cpu_nan_check - INFO - prodigy step 130/500 | best log_post -59141.5466 | gained 0.0000 | alive 3/16 | d 2.11e-02 / 3.48e-02 / 4.54e-02
2026-08-15 04:36:51,907 - cpu_nan_check - INFO - prodigy step 140/500 | best log_post -59141.5466 | gained 0.0000 | alive 3/16 | d 2.11e-02 / 3.48e-02 / 4.54e-02
2026-08-15 04:46:48,335 - cpu_nan_check - INFO - prodigy step 150/500 | best log_post -59141.5466 | gained 0.0000 | alive 2/16 | d 2.11e-02 / 3.48e-02 / 4.54e-02
2026-08-15 04:56:44,095 - cpu_nan_check - INFO - prodigy step 160/500 | best log_post -59141.5466 | gained 0.0000 | alive 2/16 | d 2.11e-02 / 3.48e-02 / 4.54e-02
2026-08-15 05:06:38,574 - cpu_nan_check - INFO - prodigy step 170/500 | best log_post -59141.5466 | gained 0.0000 | alive 2/16 | d 2.11e-02 / 3.48e-02 / 4.54e-02
2026-08-15 05:16:32,863 - cpu_nan_check - INFO - prodigy step 180/500 | best log_post -59141.5466 | gained 0.0000 | alive 2/16 | d 2.11e-02 / 3.48e-02 / 4.54e-02
2026-08-15 05:26:26,674 - cpu_nan_check - INFO - prodigy step 190/500 | best log_post -59141.5466 | gained 0.0000 | alive 2/16 | d 2.11e-02 / 3.48e-02 / 4.54e-02
2026-08-15 05:36:21,843 - cpu_nan_check - INFO - prodigy step 200/500 | best log_post -59141.5466 | gained 0.0000 | alive 2/16 | d 2.11e-02 / 3.48e-02 / 4.54e-02
2026-08-15 05:46:14,006 - cpu_nan_check - INFO - prodigy step 210/500 | best log_post -59141.5466 | gained 0.0000 | alive 2/16 | d 2.11e-02 / 3.48e-02 / 4.54e-02
2026-08-15 05:56:10,366 - cpu_nan_check - INFO - prodigy step 220/500 | best log_post -59141.5466 | gained 0.0000 | alive 2/16 | d 2.11e-02 / 3.48e-02 / 4.54e-02
2026-08-15 06:06:04,423 - cpu_nan_check - INFO - prodigy step 230/500 | best log_post -59141.5466 | gained 0.0000 | alive 3/16 | d 2.11e-02 / 3.48e-02 / 4.54e-02
2026-08-15 06:15:59,206 - cpu_nan_check - INFO - prodigy step 240/500 | best log_post -59141.5466 | gained 0.0000 | alive 3/16 | d 2.11e-02 / 3.48e-02 / 4.54e-02
2026-08-15 06:25:52,565 - cpu_nan_check - INFO - prodigy step 250/500 | best log_post -59141.5466 | gained 0.0000 | alive 3/16 | d 2.11e-02 / 3.48e-02 / 4.54e-02
2026-08-15 06:35:45,718 - cpu_nan_check - INFO - prodigy step 260/500 | best log_post -59141.5466 | gained 0.0000 | alive 3/16 | d 2.11e-02 / 3.48e-02 / 4.54e-02
2026-08-15 06:45:41,504 - cpu_nan_check - INFO - prodigy step 270/500 | best log_post -59141.5466 | gained 0.0000 | alive 3/16 | d 2.11e-02 / 3.48e-02 / 4.54e-02
2026-08-15 06:55:34,331 - cpu_nan_check - INFO - prodigy step 280/500 | best log_post -59141.5466 | gained 0.0000 | alive 3/16 | d 2.11e-02 / 3.48e-02 / 4.54e-02
2026-08-15 07:05:30,719 - cpu_nan_check - INFO - prodigy step 290/500 | best log_post -59141.5466 | gained 0.0000 | alive 3/16 | d 2.11e-02 / 3.48e-02 / 4.54e-02
2026-08-15 07:15:24,126 - cpu_nan_check - INFO - prodigy step 300/500 | best log_post -59141.5466 | gained 0.0000 | alive 3/16 | d 2.11e-02 / 3.48e-02 / 4.54e-02
2026-08-15 07:25:20,438 - cpu_nan_check - INFO - prodigy step 310/500 | best log_post -59141.5466 | gained 0.0000 | alive 2/16 | d 2.11e-02 / 3.48e-02 / 4.54e-02
2026-08-15 07:35:15,154 - cpu_nan_check - INFO - prodigy step 320/500 | best log_post -59141.5466 | gained 0.0000 | alive 2/16 | d 2.11e-02 / 3.48e-02 / 6.67e-02
2026-08-15 07:45:09,746 - cpu_nan_check - INFO - prodigy step 330/500 | best log_post -59141.5466 | gained 0.0000 | alive 2/16 | d 2.11e-02 / 3.48e-02 / 2.27e-01
2026-08-15 07:55:03,774 - cpu_nan_check - INFO - prodigy step 340/500 | best log_post -59141.5466 | gained 0.0000 | alive 2/16 | d 2.11e-02 / 3.48e-02 / 2.27e-01
2026-08-15 08:04:57,532 - cpu_nan_check - INFO - prodigy step 350/500 | best log_post -59141.5466 | gained 0.0000 | alive 2/16 | d 2.11e-02 / 3.48e-02 / 2.27e-01
2026-08-15 08:14:51,387 - cpu_nan_check - INFO - prodigy step 360/500 | best log_post -59141.5466 | gained 0.0000 | alive 2/16 | d 2.11e-02 / 3.48e-02 / 2.27e-01
2026-08-15 08:24:45,854 - cpu_nan_check - INFO - prodigy step 370/500 | best log_post -59141.5466 | gained 0.0000 | alive 2/16 | d 2.11e-02 / 3.48e-02 / 2.27e-01
2026-08-15 08:34:40,304 - cpu_nan_check - INFO - prodigy step 380/500 | best log_post -59141.5466 | gained 0.0000 | alive 2/16 | d 2.11e-02 / 3.48e-02 / 2.27e-01
2026-08-15 08:44:33,894 - cpu_nan_check - INFO - prodigy step 390/500 | best log_post -59141.5466 | gained 0.0000 | alive 2/16 | d 2.11e-02 / 3.48e-02 / 2.27e-01
2026-08-15 08:54:30,555 - cpu_nan_check - INFO - prodigy step 400/500 | best log_post -59141.5466 | gained 0.0000 | alive 2/16 | d 2.11e-02 / 3.48e-02 / 2.27e-01
2026-08-15 09:04:25,618 - cpu_nan_check - INFO - prodigy step 410/500 | best log_post -59141.5466 | gained 0.0000 | alive 2/16 | d 2.11e-02 / 3.48e-02 / 2.27e-01
2026-08-15 09:14:24,184 - cpu_nan_check - INFO - prodigy step 420/500 | best log_post -59141.5466 | gained 0.0000 | alive 2/16 | d 2.11e-02 / 3.48e-02 / 2.27e-01
2026-08-15 09:24:20,450 - cpu_nan_check - INFO - prodigy step 430/500 | best log_post -59141.5466 | gained 0.0000 | alive 2/16 | d 2.11e-02 / 3.48e-02 / 2.27e-01
2026-08-15 09:34:16,081 - cpu_nan_check - INFO - prodigy step 440/500 | best log_post -59141.5466 | gained 0.0000 | alive 2/16 | d 2.11e-02 / 3.48e-02 / 2.27e-01
2026-08-15 09:44:13,553 - cpu_nan_check - INFO - prodigy step 450/500 | best log_post -59141.5466 | gained 0.0000 | alive 2/16 | d 2.11e-02 / 3.48e-02 / 2.27e-01
2026-08-15 09:54:14,718 - cpu_nan_check - INFO - prodigy step 460/500 | best log_post -59141.5466 | gained 0.0000 | alive 2/16 | d 2.11e-02 / 3.48e-02 / 2.27e-01
2026-08-15 10:03:43,222 - cpu_nan_check - INFO - prodigy step 470/500 | best log_post -59141.5466 | gained 0.0000 | alive 2/16 | d 2.11e-02 / 3.48e-02 / 2.27e-01
2026-08-15 10:13:12,555 - cpu_nan_check - INFO - prodigy step 480/500 | best log_post -59141.5466 | gained 0.0000 | alive 2/16 | d 2.11e-02 / 3.48e-02 / 2.27e-01
2026-08-15 10:22:42,256 - cpu_nan_check - INFO - prodigy step 490/500 | best log_post -59141.5466 | gained 0.0000 | alive 2/16 | d 2.11e-02 / 3.48e-02 / 2.27e-01
2026-08-15 10:32:08,998 - cpu_nan_check - INFO - prodigy step 500/500 | best log_post -59141.5466 | gained 0.0000 | alive 2/16 | d 2.11e-02 / 3.48e-02 / 2.27e-01
2026-08-15 10:32:09,043 - cpu_nan_check - INFO - prodigy MultiStartGradient sampling complete.
2026-08-15 10:32:09,307 - cpu_nan_check - INFO - Fit Running: Updating results (see output folder).
2026-08-15 10:32:09,326 - autofit.non_linear.samples.samples - INFO - Samples with weight less than 1e-10 removed from samples.csv.
2026-08-15 10:32:09,328 - autofit.non_linear.search.updater - INFO - Creating latent samples by drawing 100 from the PDF.
2026-08-15 10:32:09,328 - autofit.non_linear.search.updater - INFO - Drawing via PDF not available for this search, using all samples above the samples weight threshold instead.
2026-08-15 10:32:09,329 - autolens.analysis.latent - WARNING - latent.yaml lists 'total_galaxy_0_flux' but no such latent is registered; dropping. Known latents: ['effective_einstein_radius', 'magnification', 'total_lens_flux', 'total_lens_flux_mujy', 'total_lensed_source_flux', 'total_lensed_source_flux_mujy', 'total_source_flux', 'total_source_flux_mujy']
2026-08-15 10:32:09,329 - autofit.non_linear.jax_compile - INFO - JAX jit compiling latent variable function (per-sample jit), could take seconds or minutes...
2026-08-15 10:32:09,330 - autolens.analysis.latent - WARNING - latent.yaml lists 'total_galaxy_0_flux' but no such latent is registered; dropping. Known latents: ['effective_einstein_radius', 'magnification', 'total_lens_flux', 'total_lens_flux_mujy', 'total_lensed_source_flux', 'total_lensed_source_flux_mujy', 'total_source_flux', 'total_source_flux_mujy']
2026-08-15 10:32:11,206 - autolens.analysis.latent - WARNING - magzero not set on Analysis; 'total_lens_flux_mujy' latent will be NaN. Pass magzero=<value> to AnalysisImaging to enable it, or disable in config/latent.yaml to silence this warning.
2026-08-15 10:32:11,206 - autolens.analysis.latent - WARNING - magzero not set on Analysis; 'total_lensed_source_flux_mujy' latent will be NaN. Pass magzero=<value> to AnalysisImaging to enable it, or disable in config/latent.yaml to silence this warning.
2026-08-15 10:32:11,206 - autolens.analysis.latent - WARNING - magzero not set on Analysis; 'total_source_flux_mujy' latent will be NaN. Pass magzero=<value> to AnalysisImaging to enable it, or disable in config/latent.yaml to silence this warning.
2026-08-15 10:32:25,901 - autofit.non_linear.jax_compile - INFO - JAX jit compilation of latent variable function (per-sample jit) complete in 16.6 seconds.
Time to compute latent variables: 16.653229475021362 seconds for 1 samples.
2026-08-15 10:32:51,894 - cpu_nan_check - INFO - Removing search internal folder.
2026-08-15 10:32:51,901 - cpu_nan_check - INFO - Removing all files except for .zip file
2026-08-15 10:32:52,288 - cpu_nan_check - INFO - Search complete, returning result

======================================================================
SEARCH SUMMARY — multi_start_prodigy/imaging/delaunay_matern [hst, cpu_nan_check]
======================================================================
  Best fit:           lens.mass.einstein_radius=1.9249  lens.mass.centre=(-0.021, -0.023)  shear=(0.0686, 0.0721)
  Log evidence:       nan
  Max log L:          -59142.9705
  Posterior samples:  17
  Likelihood evals:   17
  Total wall:         30093.69 s
  Viz wall:           0.00 s
  Sampler wall:       30093.69 s
  Time per eval:      1770216.946 ms

  Results JSON saved to: /mnt/ral/jnightin/nan_check/results/delaunay_matern/cpu_cpu_nan_check.json
  Bar chart saved to:    /mnt/ral/jnightin/nan_check/results/delaunay_matern/cpu_cpu_nan_check.png
Finished.
Sat 15 Aug 10:32:53 BST 2026
