AP_ROOT=/mnt/ral/jnightin/autolens_profiling_wt/point-source-cpu-p3
==========================================
Thu 24 Sep 13:34:42 BST 2026
euclid-ral-compute-10-2
Model name:                              Intel(R) Xeon(R) Platinum 8490H
partition:      ral
nodelist:       euclid-ral-compute-10-2
cpus-per-task:  8
sched_affinity: 8
loadavg:        0.00 0.00 0.00 1/2096 1665220
Cell:           point_source/likelihood_breakdown/static_lattice_ab
Precision:      fp64 (JAX_ENABLE_X64=1)
Thread env:     OMP=1 MKL=1 OPENBLAS=1 NPROC=8
XLA_FLAGS:      --xla_disable_hlo_passes=constant_folding --xla_gpu_autotune_level=0 --xla_gpu_enable_triton_gemm=false
=== source revisions ===
PyAutoNerves (shared) 1fa613aa8d89a79613009fb66f5b4e2d21deb57a
PyAutoFit (shared) a736840127be7a3c21e15a5c945e94d8f1082983
PyAutoArray (shared) 11b93476b2c7d9d32e5467deedfe9594c637d736
PyAutoGalaxy (shared) 70a61e26cd715cefe7012a38285698091246a8a4
PyAutoLens (shared) 2aaa1c1a8bb4a5923edf30a18451fcea330a6bd4
PyAutoArray (branch clone, IMPORTED): ad0bf97b45d572effa5d428a101d32ac4893b950
PyAutoLens  (branch clone, IMPORTED): b346b6a0a092098f23964e274edb220ea9757ad0
AP_ROOT rev:   3da2583d46b80f72793caf11a16433ca05f00d20
AP_ROOT branch: feature/point-source-cpu-p3
=== import provenance (refuses unless both libraries come from the branch clones) ===
autoarray.__file__ = /mnt/ral/jnightin/autolens_profiling_wt/PyAutoArray_point-source-cpu-p3/autoarray/__init__.py
autolens.__file__ = /mnt/ral/jnightin/autolens_profiling_wt/PyAutoLens_point-source-cpu-p3/autolens/__init__.py
autofit.__file__ = /mnt/ral/jnightin/PyAuto/PyAutoFit/autofit/__init__.py
autogalaxy.__file__ = /mnt/ral/jnightin/PyAuto/PyAutoGalaxy/autogalaxy/__init__.py
jax 0.10.2 [CpuDevice(id=0)]
ASSERT OK: autoarray + autolens from the branch clones; static_vertex_table present
==========================================
run 1/2: constant folding DISABLED (20 x 20, simple + cluster)
Thu 24 Sep 13:34:59 BST 2026
loadavg: 0.28 0.07 0.02 1/2098 1665268
2026-09-24 13:35:10,444 - matplotlib.font_manager - INFO - generated new fontManager
constant folding: requested=disabled  probe folding_ran=False  XLA_FLAGS=--xla_disable_hlo_passes=constant_folding --xla_gpu_autotune_level=0 --xla_gpu_enable_triton_gemm=false

=== simple: step-0 rows {'control': 69849, 'exact': 28665, 'lattice': 11859}; tables {'cell_build_ms': 129.0445444174111, 'cell_cache_hit_us': 0.6402842700481415, 'exact_table_mb': 1.017432, 'lattice_table_mb': 0.748536, 'library_static_vertex_table': {'build_ms': 34.097347874194384, 'cache_hit_us': 1.2139789760112762, 'rows': 11859, 'mb': 0.748536, 'equals_cell_lattice_table': True}}

--- row simple_solved ---
  [simple_solved/control] lower    2.0 s  compile    2.9 s  first     8.63 ms  trace_calls   2  step0_rows [69849]
  [simple_solved/exact] lower    1.9 s  compile    3.0 s  first     3.21 ms  trace_calls   2  step0_rows [28665]
  [simple_solved/lattice] lower    1.8 s  compile    3.1 s  first     3.43 ms  trace_calls   2  step0_rows [11859]
  [simple_solved/library] lower    1.9 s  compile    3.1 s  first     2.78 ms  trace_calls   2  step0_rows [11859]
  median ms  control     3.540  exact     2.254  lattice     1.674  library     1.758   control/lattice 2.114 [1.917, 2.156]

--- positions gate simple_solved ---
  [simple_solved_positions/control] lower    1.1 s  compile    1.5 s  first     3.87 ms  trace_calls   1  step0_rows [69849]
  [simple_solved_positions/exact] lower    1.1 s  compile    1.5 s  first     3.39 ms  trace_calls   1  step0_rows [28665]
  [simple_solved_positions/lattice] lower    1.0 s  compile    1.5 s  first     2.41 ms  trace_calls   1  step0_rows [11859]
  [simple_solved_positions/library] lower    1.1 s  compile    1.5 s  first     2.81 ms  trace_calls   1  step0_rows [11859]

--- gradient gate simple_solved ---
  [simple_solved_grad/control] lower    3.4 s  compile    4.6 s  first     5.99 ms  trace_calls   2  step0_rows [69849]
  [simple_solved_grad/exact] lower    3.3 s  compile    4.8 s  first     3.95 ms  trace_calls   2  step0_rows [28665]
  [simple_solved_grad/lattice] lower    3.4 s  compile    4.9 s  first     3.79 ms  trace_calls   2  step0_rows [11859]
  [simple_solved_grad/library] lower    3.4 s  compile    4.9 s  first     4.10 ms  trace_calls   2  step0_rows [11859]

--- row simple_solved_vmap4 ---
  [simple_solved_vmap4/control] lower    2.7 s  compile    3.4 s  first    12.38 ms  trace_calls   2  step0_rows [69849]
  [simple_solved_vmap4/exact] lower    2.7 s  compile    3.5 s  first     8.90 ms  trace_calls   2  step0_rows [28665]
  [simple_solved_vmap4/lattice] lower    2.6 s  compile    3.7 s  first     5.31 ms  trace_calls   2  step0_rows [11859]
  [simple_solved_vmap4/library] lower    2.7 s  compile    3.7 s  first     7.63 ms  trace_calls   2  step0_rows [11859]
  median ms  control     8.258  exact     6.550  lattice     5.761  library     5.784   control/lattice 1.433 [1.421, 1.456]

--- row simple_plain ---
  [simple_plain/control] lower    1.5 s  compile    2.6 s  first     3.77 ms  trace_calls   2  step0_rows [69849]
  [simple_plain/exact] lower    1.4 s  compile    2.7 s  first     3.34 ms  trace_calls   2  step0_rows [28665]
  [simple_plain/lattice] lower    1.5 s  compile    2.6 s  first     2.85 ms  trace_calls   2  step0_rows [11859]
  [simple_plain/library] lower    1.5 s  compile    2.7 s  first     2.91 ms  trace_calls   2  step0_rows [11859]
  median ms  control     3.479  exact     2.267  lattice     1.673  library     1.669   control/lattice 2.080 [1.893, 2.129]

--- step-0 containing_indices gate simple_plain ---
  [simple_plain_step0/control] lower    0.2 s  compile    0.2 s  first     4.16 ms  trace_calls   1  step0_rows [69849]
  [simple_plain_step0/exact] lower    0.1 s  compile    0.2 s  first     2.44 ms  trace_calls   1  step0_rows [28665]
  [simple_plain_step0/lattice] lower    0.1 s  compile    0.2 s  first     1.98 ms  trace_calls   1  step0_rows [11859]
  [simple_plain_step0/library] lower    0.2 s  compile    0.2 s  first     1.99 ms  trace_calls   1  step0_rows [11859]

=== cluster: step-0 rows {'control': 276507, 'exact': 110085, 'lattice': 46516}; tables {'cell_build_ms': 402.48990105465055, 'cell_cache_hit_us': 0.5490146577358246, 'exact_table_mb': 3.973416, 'lattice_table_mb': 2.956312, 'library_static_vertex_table': {'build_ms': 184.25948917865753, 'cache_hit_us': 2.3706816136837006, 'rows': 46516, 'mb': 2.956312, 'equals_cell_lattice_table': True}}

--- row cluster_solved ---
  [cluster_solved/control] lower   30.6 s  compile   22.8 s  first    49.20 ms  trace_calls  12  step0_rows [276507]
  [cluster_solved/exact] lower   29.2 s  compile   23.9 s  first    22.05 ms  trace_calls  12  step0_rows [110085]
  [cluster_solved/lattice] lower   29.4 s  compile   24.4 s  first    12.02 ms  trace_calls  12  step0_rows [46516]
  [cluster_solved/library] lower   30.0 s  compile   24.7 s  first    11.43 ms  trace_calls  12  step0_rows [46516]
  median ms  control    47.358  exact    18.815  lattice     9.211  library     9.085   control/lattice 5.141 [5.052, 5.261]

--- positions gate cluster_solved ---
  [cluster_solved_positions/control] lower    5.3 s  compile    6.7 s  first    50.26 ms  trace_calls   2  step0_rows [276507]
  [cluster_solved_positions/exact] lower    5.1 s  compile    6.9 s  first    18.97 ms  trace_calls   2  step0_rows [110085]
  [cluster_solved_positions/lattice] lower    5.1 s  compile    7.1 s  first     9.81 ms  trace_calls   2  step0_rows [46516]
  [cluster_solved_positions/library] lower    5.3 s  compile    7.0 s  first     9.29 ms  trace_calls   2  step0_rows [46516]

--- row cluster_plain ---
  [cluster_plain/control] lower   21.2 s  compile   16.7 s  first    47.78 ms  trace_calls  12  step0_rows [276507]
  [cluster_plain/exact] lower   19.8 s  compile   18.6 s  first    21.69 ms  trace_calls  12  step0_rows [110085]
  [cluster_plain/lattice] lower   20.2 s  compile   18.5 s  first     9.62 ms  trace_calls  12  step0_rows [46516]
  [cluster_plain/library] lower   21.1 s  compile   18.7 s  first    10.56 ms  trace_calls  12  step0_rows [46516]
  median ms  control    47.604  exact    17.698  lattice     9.243  library     9.225   control/lattice 5.150 [5.044, 5.262]

==============================================================================================================
STATIC-LATTICE A/B  (hpc_ral_cpu_fp64, rounds=20, calls/round=20, constant_folding=off)
==============================================================================================================
  row                    route       median       p10       p90       min  step0    MFLOP  temp_MB compile_s
  simple_solved          control      3.540     3.067     4.296     2.965  69849     7.05     4.82       2.9
  simple_solved          exact        2.254     2.084     2.760     2.000  28665     4.06     1.78       3.0
  simple_solved          lattice      1.674     1.554     2.143     1.476  11859     3.38     1.69       3.1
  simple_solved          library      1.758     1.564     2.144     1.420  11859     3.38     1.69       3.1
                         control_over_lattice   2.114 [90% 1.917, 2.156]
                         control_over_exact     1.570 [90% 1.391, 1.611]
                         exact_over_lattice     1.346 [90% 1.307, 1.500]
                         library_over_lattice   1.050 [90% 1.008, 1.214]
                         control_over_library   2.014 [90% 1.626, 2.091]
                         MDI 0.347
  simple_solved_vmap4    control      8.258     7.128     9.332     6.964  69849    23.30    15.47       3.4
  simple_solved_vmap4    exact        6.550     5.395     7.564     5.275  28665    14.52     7.09       3.5
  simple_solved_vmap4    lattice      5.761     4.617     6.077     4.472  11859    11.83     6.76       3.7
  simple_solved_vmap4    library      5.784     4.606     6.077     4.483  11859    11.83     6.76       3.7
                         control_over_lattice   1.433 [90% 1.421, 1.456]
                         control_over_exact     1.261 [90% 1.248, 1.279]
                         exact_over_lattice     1.137 [90% 1.121, 1.158]
                         library_over_lattice   1.004 [90% 0.993, 1.019]
                         control_over_library   1.428 [90% 1.417, 1.441]
                         MDI 0.267
  simple_plain           control      3.479     3.047     4.298     2.974  69849     7.05     4.82       2.6
  simple_plain           exact        2.267     2.094     2.779     1.979  28665     4.05     1.78       2.7
  simple_plain           lattice      1.673     1.550     2.131     1.469  11859     3.38     1.69       2.6
  simple_plain           library      1.669     1.512     2.134     1.427  11859     3.38     1.69       2.7
                         control_over_lattice   2.080 [90% 1.893, 2.129]
                         control_over_exact     1.535 [90% 1.296, 1.577]
                         exact_over_lattice     1.355 [90% 1.320, 1.497]
                         library_over_lattice   0.998 [90% 0.974, 1.018]
                         control_over_library   2.084 [90% 1.909, 2.129]
                         MDI 0.360
  cluster_solved         control     47.358    40.514    59.019    36.110 276507   139.44    91.55      22.8
  cluster_solved         exact       18.815    16.464    21.133    14.274 110085    64.96    40.44      23.9
  cluster_solved         lattice      9.211     7.883    10.345     7.161  46516    39.47    22.64      24.4
  cluster_solved         library      9.085     7.890    10.281     7.178  46516    39.47    22.64      24.7
                         control_over_lattice   5.141 [90% 5.052, 5.261]
                         control_over_exact     2.517 [90% 2.481, 2.565]
                         exact_over_lattice     2.043 [90% 2.013, 2.079]
                         library_over_lattice   0.986 [90% 0.972, 1.010]
                         control_over_library   5.213 [90% 5.105, 5.302]
                         MDI 0.391
  cluster_plain          control     47.604    41.116    53.951    36.541 276507   139.43    91.54      16.7
  cluster_plain          exact       17.698    15.666    20.097    14.269 110085    64.95    40.43      18.6
  cluster_plain          lattice      9.243     8.100    10.228     7.522  46516    39.46    22.63      18.5
  cluster_plain          library      9.225     8.025    10.132     7.402  46516    39.46    22.63      18.7
                         control_over_lattice   5.150 [90% 5.044, 5.262]
                         control_over_exact     2.690 [90% 2.629, 2.740]
                         exact_over_lattice     1.915 [90% 1.893, 1.945]
                         library_over_lattice   0.998 [90% 0.986, 1.016]
                         control_over_library   5.160 [90% 5.040, 5.261]
                         MDI 0.270
--------------------------------------------------------------------------------------------------------------
  library_matches: lattice
  all_gates_pass: True
  wall: 637 s
  Results JSON: /mnt/ral/jnightin/autolens_profiling_wt/point-source-cpu-p3/results/breakdown/point_source/static_lattice_ab_hpc_ral_cpu_fp64.json
  Results PNG:  /mnt/ral/jnightin/autolens_profiling_wt/point-source-cpu-p3/results/breakdown/point_source/static_lattice_ab_hpc_ral_cpu_fp64.png
==========================================
run 2/2: constant folding ENABLED, separate process (20 x 20, simple + cluster)
Thu 24 Sep 13:45:37 BST 2026
loadavg: 3.06 1.68 0.90 1/2096 1665699
constant folding: requested=ENABLED  probe folding_ran=True  XLA_FLAGS=--xla_gpu_autotune_level=0 --xla_gpu_enable_triton_gemm=false --xla_disable_hlo_passes=constant_folding_probe_disabled

=== simple: step-0 rows {'control': 69849, 'exact': 28665, 'lattice': 11859}; tables {'cell_build_ms': 82.00608380138874, 'cell_cache_hit_us': 0.5490146577358246, 'exact_table_mb': 1.017432, 'lattice_table_mb': 0.748536, 'library_static_vertex_table': {'build_ms': 34.38778826966882, 'cache_hit_us': 1.2917444109916687, 'rows': 11859, 'mb': 0.748536, 'equals_cell_lattice_table': True}}

--- row simple_solved ---
  [simple_solved/control] lower    2.0 s  compile    2.9 s  first     7.25 ms  trace_calls   2  step0_rows [69849]
  [simple_solved/exact] lower    1.9 s  compile    2.9 s  first     3.19 ms  trace_calls   2  step0_rows [28665]
  [simple_solved/lattice] lower    1.9 s  compile    2.9 s  first     3.40 ms  trace_calls   2  step0_rows [11859]
  [simple_solved/library] lower    1.9 s  compile    2.9 s  first     3.22 ms  trace_calls   2  step0_rows [11859]
  median ms  control     4.093  exact     2.194  lattice     1.785  library     1.722   control/lattice 2.294 [1.891, 2.389]

--- positions gate simple_solved ---
  [simple_solved_positions/control] lower    1.1 s  compile    1.4 s  first     5.37 ms  trace_calls   1  step0_rows [69849]
  [simple_solved_positions/exact] lower    1.0 s  compile    1.4 s  first     3.08 ms  trace_calls   1  step0_rows [28665]
  [simple_solved_positions/lattice] lower    1.1 s  compile    1.5 s  first     2.76 ms  trace_calls   1  step0_rows [11859]
  [simple_solved_positions/library] lower    1.1 s  compile    1.4 s  first     3.01 ms  trace_calls   1  step0_rows [11859]

--- gradient gate simple_solved ---
  [simple_solved_grad/control] lower    3.4 s  compile    4.4 s  first     6.67 ms  trace_calls   2  step0_rows [69849]
  [simple_solved_grad/exact] lower    3.3 s  compile    4.6 s  first     5.09 ms  trace_calls   2  step0_rows [28665]
  [simple_solved_grad/lattice] lower    3.3 s  compile    4.6 s  first     4.15 ms  trace_calls   2  step0_rows [11859]
  [simple_solved_grad/library] lower    3.3 s  compile    4.7 s  first     4.25 ms  trace_calls   2  step0_rows [11859]

--- row simple_solved_vmap4 ---
  [simple_solved_vmap4/control] lower    2.8 s  compile    3.2 s  first     9.19 ms  trace_calls   2  step0_rows [69849]
  [simple_solved_vmap4/exact] lower    2.6 s  compile    3.3 s  first     7.98 ms  trace_calls   2  step0_rows [28665]
  [simple_solved_vmap4/lattice] lower    2.6 s  compile    3.4 s  first     5.91 ms  trace_calls   2  step0_rows [11859]
  [simple_solved_vmap4/library] lower    2.7 s  compile    3.4 s  first     5.83 ms  trace_calls   2  step0_rows [11859]
  median ms  control     7.632  exact     5.675  lattice     4.982  library     5.499   control/lattice 1.532 [1.342, 1.651]

--- row simple_plain ---
  [simple_plain/control] lower    1.5 s  compile    2.4 s  first     4.17 ms  trace_calls   2  step0_rows [69849]
  [simple_plain/exact] lower    1.4 s  compile    2.5 s  first     2.78 ms  trace_calls   2  step0_rows [28665]
  [simple_plain/lattice] lower    1.4 s  compile    2.5 s  first     2.55 ms  trace_calls   2  step0_rows [11859]
  [simple_plain/library] lower    1.5 s  compile    2.6 s  first     3.09 ms  trace_calls   2  step0_rows [11859]
  median ms  control     3.564  exact     2.392  lattice     1.689  library     1.696   control/lattice 2.110 [2.006, 2.313]

--- step-0 containing_indices gate simple_plain ---
  [simple_plain_step0/control] lower    0.2 s  compile    0.2 s  first     3.29 ms  trace_calls   1  step0_rows [69849]
  [simple_plain_step0/exact] lower    0.1 s  compile    0.2 s  first     2.24 ms  trace_calls   1  step0_rows [28665]
  [simple_plain_step0/lattice] lower    0.1 s  compile    0.2 s  first     1.91 ms  trace_calls   1  step0_rows [11859]
  [simple_plain_step0/library] lower    0.2 s  compile    0.2 s  first     1.97 ms  trace_calls   1  step0_rows [11859]

=== cluster: step-0 rows {'control': 276507, 'exact': 110085, 'lattice': 46516}; tables {'cell_build_ms': 395.868934225291, 'cell_cache_hit_us': 0.5341134965419769, 'exact_table_mb': 3.973416, 'lattice_table_mb': 2.956312, 'library_static_vertex_table': {'build_ms': 181.9877908565104, 'cache_hit_us': 2.1061860024929047, 'rows': 46516, 'mb': 2.956312, 'equals_cell_lattice_table': True}}

--- row cluster_solved ---
  [cluster_solved/control] lower   30.3 s  compile   21.9 s  first    40.07 ms  trace_calls  12  step0_rows [276507]
  [cluster_solved/exact] lower   29.2 s  compile   24.4 s  first    16.39 ms  trace_calls  12  step0_rows [110085]
  [cluster_solved/lattice] lower   29.1 s  compile   23.7 s  first    10.46 ms  trace_calls  12  step0_rows [46516]
  [cluster_solved/library] lower   30.5 s  compile   24.1 s  first     9.68 ms  trace_calls  12  step0_rows [46516]
  median ms  control    39.026  exact    12.962  lattice     8.506  library     8.599   control/lattice 4.588 [4.444, 4.696]

--- positions gate cluster_solved ---
  [cluster_solved_positions/control] lower    5.1 s  compile    6.2 s  first    28.69 ms  trace_calls   2  step0_rows [276507]
  [cluster_solved_positions/exact] lower    5.1 s  compile    6.9 s  first    17.87 ms  trace_calls   2  step0_rows [110085]
  [cluster_solved_positions/lattice] lower    5.1 s  compile    6.8 s  first    11.75 ms  trace_calls   2  step0_rows [46516]
  [cluster_solved_positions/library] lower    5.4 s  compile    6.8 s  first     9.41 ms  trace_calls   2  step0_rows [46516]

--- row cluster_plain ---
  [cluster_plain/control] lower   21.2 s  compile   16.3 s  first    34.83 ms  trace_calls  12  step0_rows [276507]
  [cluster_plain/exact] lower   19.7 s  compile   19.4 s  first    16.37 ms  trace_calls  12  step0_rows [110085]
  [cluster_plain/lattice] lower   20.8 s  compile   18.6 s  first     9.06 ms  trace_calls  12  step0_rows [46516]
  [cluster_plain/library] lower   21.8 s  compile   19.0 s  first    10.56 ms  trace_calls  12  step0_rows [46516]
  median ms  control    32.338  exact    13.430  lattice     8.257  library     8.273   control/lattice 3.917 [3.843, 3.975]

==============================================================================================================
STATIC-LATTICE A/B  (hpc_ral_cpu_fp64, rounds=20, calls/round=20, constant_folding=ON)
==============================================================================================================
  row                    route       median       p10       p90       min  step0    MFLOP  temp_MB compile_s
  simple_solved          control      4.093     3.056     4.811     2.957  69849     6.79     4.69       2.9
  simple_solved          exact        2.194     2.063     2.773     1.965  28665     3.77     1.77       2.9
  simple_solved          lattice      1.785     1.580     2.131     1.464  11859     3.10     1.69       2.9
  simple_solved          library      1.722     1.560     2.115     1.462  11859     3.10     1.69       2.9
                         control_over_lattice   2.294 [90% 1.891, 2.389]
                         control_over_exact     1.865 [90% 1.630, 1.908]
                         exact_over_lattice     1.230 [90% 1.123, 1.284]
                         library_over_lattice   0.965 [90% 0.875, 1.011]
                         control_over_library   2.377 [90% 2.077, 2.451]
                         MDI 0.429
  simple_solved_vmap4    control      7.632     7.099    10.500     6.964  69849    23.02    15.34       3.2
  simple_solved_vmap4    exact        5.675     5.356     7.358     5.227  28665    14.22     7.09       3.3
  simple_solved_vmap4    lattice      4.982     4.600     6.077     4.484  11859    11.53     6.76       3.4
  simple_solved_vmap4    library      5.499     4.607     6.068     4.461  11859    11.53     6.76       3.4
                         control_over_lattice   1.532 [90% 1.342, 1.651]
                         control_over_exact     1.345 [90% 1.307, 1.452]
                         exact_over_lattice     1.139 [90% 1.002, 1.157]
                         library_over_lattice   1.104 [90% 0.932, 1.154]
                         control_over_library   1.388 [90% 1.311, 1.630]
                         MDI 0.446
  simple_plain           control      3.564     3.035     4.800     2.927  69849     6.79     4.69       2.4
  simple_plain           exact        2.392     2.046     2.794     1.966  28665     3.77     1.77       2.5
  simple_plain           lattice      1.689     1.550     2.122     1.451  11859     3.10     1.69       2.5
  simple_plain           library      1.696     1.563     2.131     1.471  11859     3.10     1.69       2.6
                         control_over_lattice   2.110 [90% 2.006, 2.313]
                         control_over_exact     1.490 [90% 1.409, 1.654]
                         exact_over_lattice     1.416 [90% 1.279, 1.480]
                         library_over_lattice   1.004 [90% 0.974, 1.041]
                         control_over_library   2.102 [90% 1.992, 2.254]
                         MDI 0.495
  cluster_solved         control     39.026    30.657    45.269    24.857 276507   131.39    91.88      21.9
  cluster_solved         exact       12.962    10.925    15.773     9.752 110085    46.68    40.76      24.4
  cluster_solved         lattice      8.506     7.154     9.936     6.303  46516    30.34    22.64      23.7
  cluster_solved         library      8.599     7.284     9.889     6.693  46516    30.34    22.64      24.1
                         control_over_lattice   4.588 [90% 4.444, 4.696]
                         control_over_exact     3.011 [90% 2.900, 3.077]
                         exact_over_lattice     1.524 [90% 1.487, 1.568]
                         library_over_lattice   1.011 [90% 0.987, 1.037]
                         control_over_library   4.538 [90% 4.388, 4.640]
                         MDI 0.374
  cluster_plain          control     32.338    27.905    37.959    25.428 276507   131.38    91.54      16.3
  cluster_plain          exact       13.430    11.203    15.674     9.895 110085    46.67    40.76      19.4
  cluster_plain          lattice      8.257     7.141     9.512     6.295  46516    30.33    22.63      18.6
  cluster_plain          library      8.273     7.064     9.580     6.533  46516    30.33    22.63      19.0
                         control_over_lattice   3.917 [90% 3.843, 3.975]
                         control_over_exact     2.408 [90% 2.357, 2.445]
                         exact_over_lattice     1.627 [90% 1.598, 1.663]
                         library_over_lattice   1.002 [90% 0.981, 1.020]
                         control_over_library   3.909 [90% 3.833, 3.988]
                         MDI 0.311
--------------------------------------------------------------------------------------------------------------
  library_matches: lattice
  all_gates_pass: True
  wall: 606 s
  Results JSON: /mnt/ral/jnightin/autolens_profiling_wt/point-source-cpu-p3/results/breakdown/point_source/static_lattice_ab_constant_folding_hpc_ral_cpu_fp64.json
  Results PNG:  /mnt/ral/jnightin/autolens_profiling_wt/point-source-cpu-p3/results/breakdown/point_source/static_lattice_ab_constant_folding_hpc_ral_cpu_fp64.png
==========================================
loadavg: 1.58 1.49 1.17 1/2093 1665794
Finished.
Thu 24 Sep 13:55:45 BST 2026
