AP_ROOT=/mnt/ral/jnightin/autolens_profiling_wt/pointsolver-mcs-headroom
==========================================
Sun 27 Sep 18:33:36 BST 2026
euclid-ral-compute-10-4
Model name:                              Intel(R) Xeon(R) Platinum 8490H
partition:      ral
cpus-per-task:  8
sched_affinity: 8
loadavg:        206.33 208.14 209.96 213/3240 160359
Cell:           point_source_image/likelihood_breakdown/solver_config_sweep --mcs-headroom
Thread env:     OMP=1 MKL=1 OPENBLAS=1 NPROC=8
XLA_FLAGS:      --xla_disable_hlo_passes=constant_folding --xla_gpu_autotune_level=0 --xla_gpu_enable_triton_gemm=false
PYTHONPATH:     /mnt/ral/jnightin/PyAuto:/mnt/ral/jnightin/PyAuto/PyAutoNerves:/mnt/ral/jnightin/PyAuto/PyAutoFit:/mnt/ral/jnightin/PyAuto/PyAutoArray:/mnt/ral/jnightin/PyAuto/PyAutoGalaxy:/mnt/ral/jnightin/PyAuto/PyAutoLens
=== source revisions ===
PyAutoNerves (mirror) bf104102312852537159b7fad2f998ab6677b4e4
PyAutoFit (mirror) c156a9d8e8eb9f82b6da169b1d50b7e64580fe98
PyAutoArray (mirror) e281abf3257e9efd4915f1daa9acc0498be250a5
PyAutoGalaxy (mirror) ba8a08fabcb13d9472f2bd43ef4fea6039284d50
PyAutoLens (mirror) dcbd4b711120641cc0ecc6490d868795ad717b07
AP_ROOT rev:   d6757ad0513196470329ae46c482ca308f0ff73d
=== import provenance ===
autoarray   2026.8.17.1  /mnt/ral/jnightin/PyAuto/PyAutoArray/autoarray/__init__.py
autofit     2026.8.17.1  /mnt/ral/jnightin/PyAuto/PyAutoFit/autofit/__init__.py
autogalaxy  2026.8.17.1  /mnt/ral/jnightin/PyAuto/PyAutoGalaxy/autogalaxy/__init__.py
autolens    2026.8.17.1  /mnt/ral/jnightin/PyAuto/PyAutoLens/autolens/__init__.py
MAX_CONTAINING_SIZE 15 _STEP0_CONTAINMENT structured
jax 0.10.2 jaxlib 0.10.2 numpy 2.2.6 [CpuDevice(id=0)]
==========================================
RUN hpc_ral_cpu_fp64 -> /mnt/ral/jnightin/autolens_profiling_wt/pointsolver-mcs-headroom/results/breakdown/point_source_image
Sun 27 Sep 18:33:38 BST 2026
loadavg: 206.33 208.14 209.96 207/3240 160400
[    4.7 s] configs: control(n=8,rows=11859), mcs18(n=8,rows=11859), mcs20(n=8,rows=11859), mcs24(n=8,rows=11859), reference(n=9,rows=268677), reference_b(n=10,rows=115473)
[   32.5 s] reference reference solved on 200 prior + 200 stress draws (compile 2.0 s)
[   55.9 s] reference reference_b solved on 200 prior + 200 stress draws (compile 2.4 s)
[   55.9 s] reference floor: {"prior": {"n_draws": 200, "multiplicity_agreement": 1.0, "raw_count_agreement": 1.0, "n_multiplicity_mismatch": 0, "max_position_error": 0.00015786921423151782, "p99_position_error": 0.0001280749711777913, "median_position_error": 5.9668954361473236e-05, "ref_distinct_histogram": {"2": 21, "4": 179}, "abs_delta_logl_vs_reference": {"max": 0.09204751533968647, "p99": 0.06845503627316121, "median": 0.004628222675307825, "n_nonfinite_mismatch": 0}}, "stress": {"n_draws": 200, "multiplicity_agreement": 1.0, "raw_count_agreement": 1.0, "n_multiplicity_mismatch": 0, "max_position_error": 0.00015786921423129578, "p99_position_error": 0.00014084184669768283, "median_position_error": 5.966895436132821e-05, "ref_distinct_histogram": {"2": 163, "4": 37}}}
[  109.1 s] completeness control     prior mult 1.000 raw 1.000 maxerr 0.0008513474499103632 |dlogL|ref 0.8682473458375171  stress mult 1.0 maxerr 0.0007893460711579142
[  109.2 s] completeness mcs18       prior mult 1.000 raw 1.000 maxerr 0.0008513474499103632 |dlogL|ref 0.8682473458375171  stress mult 1.0 maxerr 0.0007893460711579142
[  109.2 s] completeness mcs20       prior mult 1.000 raw 1.000 maxerr 0.0008513474499103632 |dlogL|ref 0.8682473458375171  stress mult 1.0 maxerr 0.0007893460711579142
[  109.2 s] completeness mcs24       prior mult 1.000 raw 1.000 maxerr 0.0008513474499103632 |dlogL|ref 0.8682473458375171  stress mult 1.0 maxerr 0.0007893460711579142
[  109.2 s] reference image extent: {'prior': {'max_abs_y': 1.77939453125, 'max_abs_x': 1.7773254429359933, 'max_abs_coord': 1.77939453125, 'p99_abs_coord': 1.7590830914129167, 'max_radius': 1.8116226317743076}, 'stress': {'max_abs_y': 2.2498046875, 'max_abs_x': 2.300267215077964, 'max_abs_coord': 2.300267215077964, 'p99_abs_coord': 2.2027852305644777, 'max_radius': 2.5191249773380773}}
[  109.2 s] timing: compiling every route (fresh closure + clear_caches)
[  140.6 s] timing: 20 rounds x 20 calls x 4 routes done
[  141.1 s] fiducial gate: 7.743201200876812 == 7.743201200876812: True
[  189.4 s] grad gate: control=True, mcs18=True, mcs20=True, mcs24=True
[  189.4 s] best admissible (precision-equivalent): mcs18; any precision: mcs18
[  335.6 s] vmap: control_vmap1 1.450 ms/L, control_vmap4 0.991 ms/L, control_vmap16 0.821 ms/L, mcs18_vmap1 1.565 ms/L, mcs18_vmap4 1.059 ms/L, mcs18_vmap16 0.856 ms/L, mcs20_vmap1 1.548 ms/L, mcs20_vmap4 1.076 ms/L, mcs20_vmap16 0.892 ms/L, mcs24_vmap1 1.634 ms/L, mcs24_vmap4 1.167 ms/L, mcs24_vmap16 0.925 ms/L
[  335.6 s] step-0 split: ray trace vs ray trace + containment per geometry
[  355.6 s] step-0 split: control trace 0.306 contain 0.501, mcs18 trace 0.299 contain 0.556, mcs20 trace 0.303 contain 0.527, mcs24 trace 0.290 contain 0.521
[  355.6 s] uncapped containing counts (NumPy path) on the prior draws
[  397.1 s] uncapped prior: max per step [17, 13, 11, 9, 7, 5, 5, 5]; control exceed/step [1, 0, 0, 0, 0, 0, 0, 0], mcs18 exceed/step [0, 0, 0, 0, 0, 0, 0, 0], mcs20 exceed/step [0, 0, 0, 0, 0, 0, 0, 0], mcs24 exceed/step [0, 0, 0, 0, 0, 0, 0, 0]
[  397.1 s] uncapped stream: max per step [13, 9, 5, 5, 5, 5, 5, 5]; control exceed/step [0, 0, 0, 0, 0, 0, 0, 0], mcs18 exceed/step [0, 0, 0, 0, 0, 0, 0, 0], mcs20 exceed/step [0, 0, 0, 0, 0, 0, 0, 0], mcs24 exceed/step [0, 0, 0, 0, 0, 0, 0, 0]
[  397.1 s] uncapped stress: max per step [7, 5, 5, 5, 5, 5, 5, 5]; control exceed/step [0, 0, 0, 0, 0, 0, 0, 0], mcs18 exceed/step [0, 0, 0, 0, 0, 0, 0, 0], mcs20 exceed/step [0, 0, 0, 0, 0, 0, 0, 0], mcs24 exceed/step [0, 0, 0, 0, 0, 0, 0, 0]
[  397.2 s] mcs gate mcs18: 0 draw changes (0 image-set), stream 0, grad 2, vmap 0; unexplained 0; fiducial 7.743201200876812 bit-identical True
[  397.2 s] mcs gate mcs20: 0 draw changes (0 image-set), stream 0, grad 2, vmap 0; unexplained 0; fiducial 7.743201200876812 bit-identical True
[  397.2 s] mcs gate mcs24: 0 draw changes (0 image-set), stream 0, grad 2, vmap 0; unexplained 0; fiducial 7.743201200876812 bit-identical True

======================================================================================================================================================
POINTSOLVER CONFIG SWEEP (hpc_ral_cpu_fp64, rounds=20, calls=20, prior draws=200, stress draws=200)
======================================================================================================================================================
  config      block                  ext scale   prec mcs nd  n   rows  med_ms       speedup [90% CI]  admp  mult   raw    maxerr    p99err dlogL_ref s_mult  s_maxerr
  control     control               9.90  0.20 0.0010  15  1  8  11859   1.466  1.000 [0.982, 1.019]    TT 1.000 1.000  8.51e-04  7.89e-04  8.68e-01  1.000  7.89e-04
  mcs18       max_containing_size_headroom  9.90  0.20 0.0010  18  1  8  11859   1.538  0.953 [0.934, 0.965]    TT 1.000 1.000  8.51e-04  7.89e-04  8.68e-01  1.000  7.89e-04
  mcs20       max_containing_size_headroom  9.90  0.20 0.0010  20  1  8  11859   1.557  0.941 [0.922, 0.953]    TT 1.000 1.000  8.51e-04  7.89e-04  8.68e-01  1.000  7.89e-04
  mcs24       max_containing_size_headroom  9.90  0.20 0.0010  24  1  8  11859   1.597  0.918 [0.900, 0.927]    TT 1.000 1.000  8.51e-04  7.89e-04  8.68e-01  1.000  7.89e-04
------------------------------------------------------------------------------------------------------------------------------------------------------
  default agrees with reference on every prior draw: True
  default agrees with reference on every stress draw: True
  reference floor: {"prior": {"n_draws": 200, "multiplicity_agreement": 1.0, "raw_count_agreement": 1.0, "n_multiplicity_mismatch": 0, "max_position_error": 0.00015786921423151782, "p99_position_error": 0.0001280749711777913, "median_position_error": 5.9668954361473236e-05, "ref_distinct_histogram": {"2": 21, "4": 179}, "abs_delta_logl_vs_reference": {"max": 0.09204751533968647, "p99": 0.06845503627316121, "median": 0.004628222675307825, "n_nonfinite_mismatch": 0}}, "stress": {"n_draws": 200, "multiplicity_agreement": 1.0, "raw_count_agreement": 1.0, "n_multiplicity_mismatch": 0, "max_position_error": 0.00015786921423129578, "p99_position_error": 0.00014084184669768283, "median_position_error": 5.966895436132821e-05, "ref_distinct_histogram": {"2": 163, "4": 37}}}
  best admissible (precision-equivalent): mcs18; any precision: mcs18
  reference image extent: {'prior': {'max_abs_y': 1.77939453125, 'max_abs_x': 1.7773254429359933, 'max_abs_coord': 1.77939453125, 'p99_abs_coord': 1.7590830914129167, 'max_radius': 1.8116226317743076}, 'stress': {'max_abs_y': 2.2498046875, 'max_abs_x': 2.300267215077964, 'max_abs_coord': 2.300267215077964, 'p99_abs_coord': 2.2027852305644777, 'max_radius': 2.5191249773380773}}
  fiducial gate: {'value': 7.743201200876812, 'expected': 7.743201200876812, 'repr': '7.743201200876812', 'pass': True}
------------------------------------------------------------------------------------------------------------------------------------------------------
  config  mcs  med_ms row/ctrl      ctrl/row [90% CI] compile     temp_B      flops  v16ms/L  mult s_mult img-chg  ok  uncapped max/step (prior) | exceed/step (prior; stress)
  control  15   1.466   1.0000 1.0000 [0.9823, 1.0188]    4.29     901656  2801341.0   0.8213 1.000  1.000       0   T  [17, 13, 11, 9, 7, 5, 5, 5] | [1, 0, 0, 0, 0, 0, 0, 0]; [0, 0, 0, 0, 0, 0, 0, 0]
  mcs18    18   1.538   1.0495 0.9528 [0.9344, 0.9651]    4.48     904024  2933102.0   0.8560 1.000  1.000       0   T  [17, 13, 11, 9, 7, 5, 5, 5] | [0, 0, 0, 0, 0, 0, 0, 0]; [0, 0, 0, 0, 0, 0, 0, 0]
  mcs20    20   1.557   1.0623 0.9413 [0.9219, 0.9527]    4.59     905240  3017410.0   0.8916 1.000  1.000       0   T  [17, 13, 11, 9, 7, 5, 5, 5] | [0, 0, 0, 0, 0, 0, 0, 0]; [0, 0, 0, 0, 0, 0, 0, 0]
  mcs24    24   1.597   1.0898 0.9176 [0.9000, 0.9274]    4.91     907736  3195236.0   0.9249 1.000  1.000       0   T  [17, 13, 11, 9, 7, 5, 5, 5] | [0, 0, 0, 0, 0, 0, 0, 0]; [0, 0, 0, 0, 0, 0, 0, 0]
  uncapped max over all samples and steps: 17
  rule candidates: []
  all_gates_pass: True
  wall: 397 s
  Results JSON: /mnt/ral/jnightin/autolens_profiling_wt/pointsolver-mcs-headroom/results/breakdown/point_source_image/solver_config_sweep_mcs_hpc_ral_cpu_fp64.json
  Results PNG:  /mnt/ral/jnightin/autolens_profiling_wt/pointsolver-mcs-headroom/results/breakdown/point_source_image/solver_config_sweep_mcs_hpc_ral_cpu_fp64.png
=== source_revisions check (JSON vs imported HEADs) ===
autoarray_imported_from /mnt/ral/jnightin/PyAuto/PyAutoArray
OK /mnt/ral/jnightin/autolens_profiling_wt/pointsolver-mcs-headroom/results/breakdown/point_source_image/solver_config_sweep_mcs_hpc_ral_cpu_fp64.json all_gates_pass True
==========================================
loadavg: 206.97 208.63 209.60 197/3225 160483
Finished.
Sun 27 Sep 18:40:18 BST 2026
